[gateau.top/index7dad.html]
[gateau.top/index173e.html]
[gateau.top/index.html]
[backblue.gif]
[fade.gif]
[index.html]
[gateau.top/index72a2.html]
[gateau.top/index9091.html]
[gateau.top/index1a34.html]
[gateau.top/index32ba.html]
[gateau.top/load/img/favicon.ico]
[gateau.top/load/css/table.css]
[gateau.top/load/css/stylef99f.css]
[gateau.top/index43f6.html]
[gateau.top/indexe745.html]
[gateau.top/indexd365.html]
[gateau.top/load/icons/fontawesome/all.min.css]
[gateau.top/load/js/jquery.js]
[gateau.top/load/js/alert.js]
[gateau.top/dep/js/countUp.js]
[gateau.top/load/img/0001.png]
[gateau.top/load/img/ind7c62.png]
[gateau.top/load/img/country/eg.png]
[gateau.top/load/img/country/ru.png]
[gateau.top/load/img/country/bd.png]
[gateau.top/load/img/country/pl.png]
[gateau.top/load/img/country/mn.png]
[gateau.top/load/img/country/uz.png]
[gateau.top/load/img/country/sa.png]
[gateau.top/load/img/country/tj.png]
[gateau.top/load/img/country/sg.png]
[gateau.top/load/img/country/kz.png]
[gateau.top/load/img/country/ua.png]
[gateau.top/load/img/country/dz.png]
[gateau.top/load/img/country/pk.png]
[gateau.top/load/img/country/iq.png]
[gateau.top/load/img/country/am.png]
[gateau.top/load/img/country/ir.png]
[gateau.top/load/img/country/cy.png]
[gateau.top/load/img/country/kg.png]
[gateau.top/load/img/country/in.png]
[gateau.top/load/img/country/az.png]
[gateau.top/load/img/country/tr.png]
[gateau.top/load/img/country/us.png]
[gateau.top/load/img/country/de.png]
[gateau.top/load/img/country/ar.png]
[gateau.top/index.html]
[ad.a-ads.com/2179282e23b.html]
[gateau.top/cdn-cgi/l/email-protection.html]
[gateau.top/index7dad.html]
[gateau.top/index173e.html]
[gateau.top/index1a34.html]
[gateau.top/index9091.html]
[gateau.top/cdn-cgi/scripts/5c5dd728/cloudflare-static/email-decode.min.js]
[gateau.top/index72a2.html]
[gateau.top/index32ba.html]
[gateau.top/index43f6.html]
[gateau.top/indexe745.html]
[gateau.top/indexd365.html]
[gateau.top/load/css/table.css]
[gateau.top/load/css/stylef99f.css]
[gateau.top/load/icons/webfonts/fa-brands-400.ttf]
[gateau.top/load/icons/webfonts/fa-duotone-900.ttf]
[gateau.top/load/icons/webfonts/fa-light-300.ttf]
[gateau.top/load/icons/webfonts/fa-regular-400.ttf]
[gateau.top/load/icons/webfonts/fa-solid-900.ttf]
[gateau.top/load/icons/webfonts/fa-thin-100.ttf]
[gateau.top/load/icons/fontawesome/all.min.css]
[gateau.top/load/icons/webfonts/fa-v4compatibility.ttf]
[fonts.googleapis.com/css2e4f2.css]
[ad.a-ads.com/2179282e23b.html]
[gateau.top/cdn-cgi/l/email-protection.html]
[gateau.top/load/icons/webfonts/fa-brands-400.html]
[gateau.top/load/icons/webfonts/fa-duotone-900.html]
[gateau.top/load/icons/webfonts/fa-light-300.html]
[gateau.top/load/icons/webfonts/fa-regular-400.html]
[gateau.top/load/icons/webfonts/fa-solid-900.html]
[gateau.top/load/icons/webfonts/fa-thin-100.html]
[gateau.top/load/icons/webfonts/fa-v4compatibility.html]
